// Vitest Snapshot v1, https://vitest.dev/guide/snapshot.html

exports[`cgb-acid2 : la ligne de base du jalon CGB > instantané : ce que le lot en cours produit 1`] = `
"********************************====================****====*****======*********========*======*=======*====****=======***====**********************************
********************************=%%==%%==%%%%%%==%%=****=%%=****==%%%%==********=%%===%===%%%%===%%%%%===%%=****=%%%%%==**=%%=**********************************
********************************=%%==%%==%%======%%=****=%%=****=%%==%%=********=%%===%==%%==%%==%%==%%==%%=****=%%==%%=**=%%=**********************************
********************************=%%%%%%==%%%%%=*=%%=****=%%=****=%%==%%=********=%%=%=%==%%==%%==%%%%%===%%=****=%%==%%=**=%%=**********************************
********************************=%%==%%==%%======%%======%%======%%==%%=********=%%=%=%==%%==%%==%%=%====%%======%%==%%=**====**********************************
********************************=%%==%%==%%%%%%==%%%%%%==%%%%%%===%%%%==********==%%%%====%%%%===%%==%%==%%%%%%==%%%%%==**=%%=**********************************
********************************================================*======**********======**======*=======================***====**********************************
****************************************************************************************************************************************************************
****************************************************************************************************************************************************************
****************************************************************************************************************************************************************
****************************************************************************************************************************************************************
****************************************************************************************************************************************************************
****************************************************************************************************************************************************************
****************************************************************************************************************************************************************
****************************************************************************************************************************************************************
****************************************************************************************************************************************************************
****************************************************************@@@@@@@@@@@@@@@@@@@@@@@@@@@@@@@@****************************************************************
****************************************************************@@@@@@@@@@@@@@@@@@@@@@@@@@@@@@@@****************************************************************
****************************************************************@@@@@@@@@@@@@@@@@@@@@@@@@@@@@@@@****************************************************************
****************************************************************@@@@@@@@@@@@@@@@@@@@@@@@@@@@@@@@****************************************************************
****************************************************************@@@@@@@@@@@@@@@@@@@@@@@@@@@@@@@@****************************************************************
****************************************************************@@@@@@@@@@@@@@@@@@@@@@@@@@@@@@@@****************************************************************
****************************************************************@@@@@@@@@@@@@@@@@@@@@@@@@@@@@@@@****************************************************************
****************************************************************@@@@@@@@@@@@@@@@@@@@@@@@@@@@@@@@****************************************************************
************************************************@@@@@@@@@@@@@@@@oooooooooooooooooooooooooooooooo@@@@@@@@@@@@@@@@************************************************
************************************************@@@@@@@@@@@@@@@@oooooooooooooooooooooooooooooooo@@@@@@@@@@@@@@@@************************************************
************************************************@@@@@@@@@@@@@@@@oooooooooooooooooooooooooooooooo@@@@@@@@@@@@@@@@************************************************
************************************************@@@@@@@@@@@@@@@@oooooooooooooooooooooooooooooooo@@@@@@@@@@@@@@@@************************************************
************************************************@@@@@@@@@@@@@@@@oooooooooooooooooooooooooooooooo@@@@@@@@@@@@@@@@************************************************
************************************************@@@@@@@@@@@@@@@@oooooooooooooooooooooooooooooooo@@@@@@@@@@@@@@@@************************************************
************************************************@@@@@@@@@@@@@@@@oooooooooooooooooooooooooooooooo@@@@@@@@@@@@@@@@************************************************
************************************************@@@@@@@@@@@@@@@@oooooooooooooooooooooooooooooooo@@@@@@@@@@@@@@@@************************************************
****************************************@@@@@@@@oooooooooooooooooooooooooooooooooooooooooooooooooooooooooooooooo@@@@@@@@****************************************
****************************************@@@@@@@@oooooooooooooooooooooooooooooooooooooooooooooooooooooooooooooooo@@@@@@@@****************************************
****************************************@@@@@@@@oooooooooooooooooooooooooooooooooooooooooooooooooooooooooooooooo@@@@@@@@****************************************
****************************************@@@@@@@@oooooooooooooooooooooooooooooooooooooooooooooooooooooooooooooooo@@@@@@@@****************************************
****************************************@@@@@@@@oooooooooooooooooooooooooooooooooooooooooooooooooooooooooooooooo@@@@@@@@****************************************
****************************************@@@@@@@@oooooooooooooooooooooooooooooooooooooooooooooooooooooooooooooooo@@@@@@@@****************************************
****************************************@@@@@@@@oooooooooooooooooooooooooooooooooooooooooooooooooooooooooooooooo@@@@@@@@****************************************
****************************************@@@@@@@@oooooooooooooooooooooooooooooooooooooooooooooooooooooooooooooooo@@@@@@@@****************************************
********************************@@@@@@@@ooooooooooooooxxoooooo@@@@oooooooooooooooooooooooooooo@@@@ooooooxxoooooooooooooo@@@@@@@@********************************
********************************@@@@@@@@ooooooooooooxOOxoooo@@@@@@@@oooooooooooooooooooooooo@@@@@@@@ooooxOOxoooooooooooo@@@@@@@@********************************
********************************@@@@@@@@oooooooooooxOOxoooo@@@****@@@oooooooooooooooooooooo@@@****@@@ooooxOOxooooooooooo@@@@@@@@********************************
********************************@@@@@@@@oooooooooooOOxoooo@@**XXXX**@@oooooooooooooooooooo@@**XXXX**@@ooooxOOooooooooooo@@@@@@@@********************************
********************************@@@@@@@@ooooooooooxOOxooo@@**XXXXXX**@@oooooooooooooooooo@@**XXXXXX**@@oooxOOxoooooooooo@@@@@@@@********************************
********************************@@@@@@@@ooooooooooOOxoooo@@*XXXXXXXX*@@oooooooooooooooooo@@*XXXXXXXX*@@ooooxOOoooooooooo@@@@@@@@********************************
********************************@@@@@@@@ooooooooooOOxooo@@*XXXXXXXXXX*@@oooooooooooooooo@@*XXXXXXXXXX*@@oooxOOoooooooooo@@@@@@@@********************************
********************************@@@@@@@@ooooooooooOOxooo@@*XXXXXXXXXX*@@oooooooooooooooo@@*XXXXXXXXXX*@@oooxOOoooooooooo@@@@@@@@********************************
********************************@@@@@@@@ooooooooooxOOooo@@*XXXXXXXXXX*@@oooooooooooooooo@@*XXXXXXXXXX*@@oooOOxoooooooooo@@@@@@@@********************************
********************************@@@@@@@@oooooooooooOOooo@@*XXXXXXXXXX*@@oooooooooooooooo@@*XXXXXXXXXX*@@oooOOooooooooooo@@@@@@@@********************************
********************************@@@@@@@@oooooooooooxOxooo@@*XXXXXXXX*@@oooooooooooooooooo@@*XXXXXXXX*@@oooxOxooooooooooo@@@@@@@@********************************
********************************@@@@@@@@ooooooooooooxOooo@@**XXXXXX**@@oooooooooooooooooo@@**XXXXXX**@@oooOxoooooooooooo@@@@@@@@********************************
********************************@@@@@@@@oooooooooooooxxooo@@**XXXX**@@oooooooooooooooooooo@@**XXXX**@@oooxxooooooooooooo@@@@@@@@********************************
********************************@@@@@@@@ooooooooooooooooooo@@@****@@@oooooooooooooooooooooo@@@****@@@ooooooooooooooooooo@@@@@@@@********************************
********************************@@@@@@@@oooooooooooooooooooo@@@@@@@@oooooooooooooooooooooooo@@@@@@@@oooooooooooooooooooo@@@@@@@@********************************
********************************@@@@@@@@oooooooooooooooooooooo@@@@oooooooooooooooooooooooooooo@@@@oooooooooooooooooooooo@@@@@@@@********************************
************************@@@@@@@@oooooooooooooooooooooooooooooooooooooooooooooooooooooooooooooooooooooooooooooooooooooooooooooooo@@@@@@@@************************
************************@@@@@@@@oooooooooooooooooooooooooooooooooooooooooooooooooooooooooooooooooooooooooooooooooooooooooooooooo@@@@@@@@************************
************************@@@@@@@@oooooooooooooooooooooooooooooooooooooooooooooooooooooooooooooooooooooooooooooooooooooooooooooooo@@@@@@@@************************
************************@@@@@@@@oooooooooooooooooooooooooooooooooooooooooooooooooooooooooooooooooooooooooooooooooooooooooooooooo@@@@@@@@************************
************************@@@@@@@@oooooooooooooooooooooooooooooooooooooooooooooooooooooooooooooooooooooooooooooooooooooooooooooooo@@@@@@@@************************
************************@@@@@@@@oooooooooooooooooooooooooooooooooooooooooooooooooooooooooooooooooooooooooooooooooooooooooooooooo@@@@@@@@************************
************************@@@@@@@@oooooooooooooooooooooooooooooooooooooooooooooooooooooooooooooooooooooooooooooooooooooooooooooooo@@@@@@@@************************
************************@@@@@@@@oooooooooooooooooooooooooooooooooooooooooooooooooooooooooooooooooooooooooooooooooooooooooooooooo@@@@@@@@************************
************************@@@@@@@@ooooooooooooooooooooooooooooooooooooooooooooooo@@ooooooooooooooooooooooooooooooooooooooooooooooo@@@@@@@@************************
************************@@@@@@@@oooooooooooooooooooooooooooooooooooooooooooooo@@@@oooooooooooooooooooooooooooooooooooooooooooooo@@@@@@@@************************
************************@@@@@@@@ooooooooooooooooooooooooooooooooooooooooooooo@@@@@@ooooooooooooooooooooooooooooooooooooooooooooo@@@@@@@@************************
************************@@@@@@@@oooooooooooooooooooooooooooooooooooooooooooo@@@@@@@@oooooooooooooooooooooooooooooooooooooooooooo@@@@@@@@************************
************************@@@@@@@@ooooooooooooooooooooooooooooooooooooooooooo@@@@@@@@@@ooooooooooooooooooooooooooooooooooooooooooo@@@@@@@@************************
************************@@@@@@@@oooooooooooooooooooooooooooooooooooooooooo@@@@@@@@@@@@oooooooooooooooooooooooooooooooooooooooooo@@@@@@@@************************
************************@@@@@@@@ooooooooooooooooooooooooooooooooooooooooo@@@@@@@@@@@@@@ooooooooooooooooooooooooooooooooooooooooo@@@@@@@@************************
************************@@@@@@@@oooooooooooooooooooooooooooooooooooooooo@@@@@@@@@@@@@@@@oooooooooooooooooooooooooooooooooooooooo@@@@@@@@************************
************************@@@@@@@@oooooooooooooooooooooooooooooooooooooooo@@@@@@@@@@@@@@@@oooooooooooooooooooooooooooooooooooooooo@@@@@@@@************************
************************@@@@@@@@ooooooooooooooooooooooooooooooooooooooooo@@@@@@@@@@@@@@ooooooooooooooooooooooooooooooooooooooooo@@@@@@@@************************
************************@@@@@@@@oooooooooooooooooooooooooooooooooooooooooo@@@@@@@@@@@@oooooooooooooooooooooooooooooooooooooooooo@@@@@@@@************************
************************@@@@@@@@ooooooooooooooooooooooooooooooooooooooooooo@@@@@@@@@@ooooooooooooooooooooooooooooooooooooooooooo@@@@@@@@************************
************************@@@@@@@@oooooooooooooooooooooooooooooooooooooooooooo@@@@@@@@oooooooooooooooooooooooooooooooooooooooooooo@@@@@@@@************************
************************@@@@@@@@ooooooooooooooooooooooooooooooooooooooooooooo@@@@@@ooooooooooooooooooooooooooooooooooooooooooooo@@@@@@@@************************
************************@@@@@@@@oooooooooooooooooooooooooooooooooooooooooooooo@@@@oooooooooooooooooooooooooooooooooooooooooooooo@@@@@@@@************************
************************@@@@@@@@ooooooooooooooooooooooooooooooooooooooooooooooo@@ooooooooooooooooooooooooooooooooooooooooooooooo@@@@@@@@************************
************************@@@@@@@@oooooooooooooooooooooooooooooooooooooooooooooooooooooooooooooooooooooooooooooooooooooooooooooooo@@@@@@@@************************
************************@@@@@@@@oooooooooooooooooooooooooooooooooooooooooooooooooooooooooooooooooooooooooooooooooooooooooooooooo@@@@@@@@************************
************************@@@@@@@@oooooooooooooooooooooooooooooooooooooooooooooooooooooooooooooooooooooooooooooooooooooooooooooooo@@@@@@@@************************
************************@@@@@@@@oooooooooooooooooooooooooooooooooooooooooooooooooooooooooooooooooooooooooooooooooooooooooooooooo@@@@@@@@************************
************************@@@@@@@@oooooooooooooooooooooooooooooooooooooooooooooooooooooooooooooooooooooooooooooooooooooooooooooooo@@@@@@@@************************
************************@@@@@@@@oooooooooooooooooooooooooooooooooooooooooooooooooooooooooooooooooooooooooooooooooooooooooooooooo@@@@@@@@************************
************************@@@@@@@@oooooooooooooooooooooooooooooooooooooooooooooooooooooooooooooooooooooooooooooooooooooooooooooooo@@@@@@@@************************
************************@@@@@@@@oooooooooooooooooooooooooooooooooooooooooooooooooooooooooooooooooooooooooooooooooooooooooooooooo@@@@@@@@************************
********************************@@@@@@@@oooooooo@@@@@@@@oooooooooooooooooooooooooooooooooooooooooooooooo@@@@@@@@oooooooo@@@@@@@@********************************
********************************@@@@@@@@oooooooo@@@@@@@@oooooooooooooooooooooooooooooooooooooooooooooooo@@@@@@@@oooooooo@@@@@@@@********************************
********************************@@@@@@@@oooooooo@@@@@@@@oooooooooooooooooooooooooooooooooooooooooooooooo@@@@@@@@oooooooo@@@@@@@@********************************
********************************@@@@@@@@oooooooo@@@@@@@@oooooooooooooooooooooooooooooooooooooooooooooooo@@@@@@@@oooooooo@@@@@@@@********************************
********************************@@@@@@@@oooooooo@@@@@@@@oooooooooooooooooooooooooooooooooooooooooooooooo@@@@@@@@oooooooo@@@@@@@@********************************
********************************@@@@@@@@oooooooo@@@@@@@@oooooooooooooooooooooooooooooooooooooooooooooooo@@@@@@@@oooooooo@@@@@@@@********************************
********************************@@@@@@@@oooooooo@@@@@@@@oooooooooooooooooooooooooooooooooooooooooooooooo@@@@@@@@oooooooo@@@@@@@@********************************
********************************@@@@@@@@oooooooo@@@@@@@@oooooooooooooooooooooooooooooooooooooooooooooooo@@@@@@@@oooooooo@@@@@@@@********************************
********************************@@@@@@@@oooooooooooooooo@@@@@@@@@@@@@@@@@@@@@@@@@@@@@@@@@@@@@@@@@@@@@@@@oooooooooooooooo@@@@@@@@********************************
********************************@@@@@@@@oooooooooooooooo@@@@@@@@@@@@@@@@@@@@@@@@@@@@@@@@@@@@@@@@@@@@@@@@oooooooooooooooo@@@@@@@@********************************
********************************@@@@@@@@oooooooooooooooo@@@@@@@@@@@@@@@@@@@@@@@@@@@@@@@@@@@@@@@@@@@@@@@@oooooooooooooooo@@@@@@@@********************************
********************************@@@@@@@@oooooooooooooooo@@@@@@@@@@@@@@@@@@@@@@@@@@@@@@@@@@@@@@@@@@@@@@@@oooooooooooooooo@@@@@@@@********************************
********************************@@@@@@@@oooooooooooooooo@@@@@@@@@@@@@@@@@@@@@@@@@@@@@@@@@@@@@@@@@@@@@@@@oooooooooooooooo@@@@@@@@********************************
********************************@@@@@@@@oooooooooooooooo@@@@@@@@@@@@@@@@@@@@@@@@@@@@@@@@@@@@@@@@@@@@@@@@oooooooooooooooo@@@@@@@@********************************
********************************@@@@@@@@oooooooooooooooo@@@@@@@@@@@@@@@@@@@@@@@@@@@@@@@@@@@@@@@@@@@@@@@@oooooooooooooooo@@@@@@@@********************************
********************************@@@@@@@@oooooooooooooooo@@@@@@@@@@@@@@@@@@@@@@@@@@@@@@@@@@@@@@@@@@@@@@@@oooooooooooooooo@@@@@@@@********************************
****************************************@@@@@@@@oooooooooooooooooooooooooooooooooooooooooooooooooooooooooooooooo@@@@@@@@****************************************
****************************************@@@@@@@@oooooooooooooooooooooooooooooooooooooooooooooooooooooooooooooooo@@@@@@@@****************************************
****************************************@@@@@@@@oooooooooooooooooooooooooooooooooooooooooooooooooooooooooooooooo@@@@@@@@****************************************
****************************************@@@@@@@@oooooooooooooooooooooooooooooooooooooooooooooooooooooooooooooooo@@@@@@@@****************************************
****************************************@@@@@@@@oooooooooooooooooooooooooooooooooooooooooooooooooooooooooooooooo@@@@@@@@****************************************
****************************************@@@@@@@@oooooooooooooooooooooooooooooooooooooooooooooooooooooooooooooooo@@@@@@@@****************************************
****************************************@@@@@@@@oooooooooooooooooooooooooooooooooooooooooooooooooooooooooooooooo@@@@@@@@****************************************
****************************************@@@@@@@@oooooooooooooooooooooooooooooooooooooooooooooooooooooooooooooooo@@@@@@@@****************************************
************************************************@@@@@@@@@@@@@@@@oooooooooooooooooooooooooooooooo@@@@@@@@@@@@@@@@************************************************
************************************************@@@@@@@@@@@@@@@@oooooooooooooooooooooooooooooooo@@@@@@@@@@@@@@@@************************************************
************************************************@@@@@@@@@@@@@@@@oooooooooooooooooooooooooooooooo@@@@@@@@@@@@@@@@************************************************
************************************************@@@@@@@@@@@@@@@@oooooooooooooooooooooooooooooooo@@@@@@@@@@@@@@@@************************************************
************************************************@@@@@@@@@@@@@@@@oooooooooooooooooooooooooooooooo@@@@@@@@@@@@@@@@************************************************
************************************************@@@@@@@@@@@@@@@@oooooooooooooooooooooooooooooooo@@@@@@@@@@@@@@@@************************************************
************************************************@@@@@@@@@@@@@@@@oooooooooooooooooooooooooooooooo@@@@@@@@@@@@@@@@************************************************
************************************************@@@@@@@@@@@@@@@@oooooooooooooooooooooooooooooooo@@@@@@@@@@@@@@@@************************************************
****************************************************************@@@@@@@@@@@@@@@@@@@@@@@@@@@@@@@@****************************************************************
****************************************************************@@@@@@@@@@@@@@@@@@@@@@@@@@@@@@@@****************************************************************
****************************************************************@@@@@@@@@@@@@@@@@@@@@@@@@@@@@@@@****************************************************************
****************************************************************@@@@@@@@@@@@@@@@@@@@@@@@@@@@@@@@****************************************************************
****************************************************************@@@@@@@@@@@@@@@@@@@@@@@@@@@@@@@@****************************************************************
****************************************************************@@@@@@@@@@@@@@@@@@@@@@@@@@@@@@@@****************************************************************
****************************************************************@@@@@@@@@@@@@@@@@@@@@@@@@@@@@@@@****************************************************************
****************************************************************@@@@@@@@@@@@@@@@@@@@@@@@@@@@@@@@****************************************************************
****************************************************************************************************************************************************************
****************************************************************************************************************************************************************
****************************************************************************************************************************************************************
****************************************************************************************************************************************************************
****************************************************************************************************************************************************************
*************************@***********************@******@**@@@********@*****************@***@********@*****@**********@@@*******************@*******************
*************************@******************************@*@***@*******@*****************@@*@@********@*****@*********@***@**************************************
**************@@@***@@@**@@@@********@@@***@@@**@@***@@@@*****@*******@@@@**@***@*******@*@*@**@@@**@@@@**@@@@*******@*****@***@**@@***@@**@@***@@@*************
*************@***@*@***@*@***@**********@*@***@**@**@***@**@@@********@***@*@***@*******@***@*****@**@*****@*********@*****@***@*@**@*@**@**@**@***@************
*************@*****@***@*@***@*@@@@**@@@@*@******@**@***@*@***********@***@*@***@*******@***@**@@@@**@*****@*********@*****@***@*@****@*****@**@@@@*************
*************@***@*@***@*@***@******@***@*@***@**@**@***@*@***********@***@*@***@*******@***@*@***@**@**@**@**@******@***@*@***@*@****@*****@**@****************
**************@@@***@@@@*@@@@********@@@@**@@@**@@@**@@@@*@@@@@*******@@@@***@@@@*******@***@**@@@@***@@****@@********@@@***@@@**@****@****@@@**@@@*************
***********************@********************************************************@*******************************************************************************
********************@@@******************************************************@@@********************************************************************************
****************************************************************************************************************************************************************
****************************************************************************************************************************************************************"
`;

exports[`dmg-acid2 : le filet du chemin de rendu > rend la même image qu'au dernier instantané 1`] = `
"                                ####################    ####     ######         ######## ###### ####### ####    #######   ####                                  
                                #..##..##......##..#    #..#    ##....##        #..###.###....###.....###..#    #.....##  #..#                                  
                                #..##..##..######..#    #..#    #..##..#        #..###.##..##..##..##..##..#    #..##..#  #..#                                  
                                #......##.....# #..#    #..#    #..##..#        #..#.#.##..##..##.....###..#    #..##..#  #..#                                  
                                #..##..##..######..######..######..##..#        #..#.#.##..##..##..#.####..######..##..#  ####                                  
                                #..##..##......##......##......###....##        ##....####....###..##..##......##.....##  #..#                                  
                                ################################ ######          ######  ###### #######################   ####                                  
                                                                                                                                                                
                                                                                                                                                                
                                                                                                                                                                
                                                                                                                                                                
                                                                                                                                                                
                                                                                                                                                                
                                                                                                                                                                
                                                                                                                                                                
                                                                                                                                                                
                                                                ################################                                                                
                                                                ################################                                                                
                                                                ################################                                                                
                                                                ################################                                                                
                                                                ################################                                                                
                                                                ################################                                                                
                                                                ################################                                                                
                                                                ################################                                                                
                                                ################................................################                                                
                                                ################................................################                                                
                                                ################................................################                                                
                                                ################................................################                                                
                                                ################................................################                                                
                                                ################................................################                                                
                                                ################................................################                                                
                                                ################................................################                                                
                                        ########................................................................########                                        
                                        ########................................................................########                                        
                                        ########................................................................########                                        
                                        ########................................................................########                                        
                                        ########................................................................########                                        
                                        ########................................................................########                                        
                                        ########................................................................########                                        
                                        ########................................................................########                                        
                                ########..............++......####............................####......++..............########                                
                                ########............+##+....########........................########....+##+............########                                
                                ########...........+##+....###    ###......................###    ###....+##+...........########                                
                                ########...........##+....##  ++++  ##....................##  ++++  ##....+##...........########                                
                                ########..........+##+...##  ++++++  ##..................##  ++++++  ##...+##+..........########                                
                                ########..........##+....## ++++++++ ##..................## ++++++++ ##....+##..........########                                
                                ########..........##+...## ++++++++++ ##................## ++++++++++ ##...+##..........########                                
                                ########..........##+...## ++++++++++ ##................## ++++++++++ ##...+##..........########                                
                                ########..........+##...## ++++++++++ ##................## ++++++++++ ##...##+..........########                                
                                ########...........##...## ++++++++++ ##................## ++++++++++ ##...##...........########                                
                                ########...........+#+...## ++++++++ ##..................## ++++++++ ##...+#+...........########                                
                                ########............+#...##  ++++++  ##..................##  ++++++  ##...#+............########                                
                                ########.............++...##  ++++  ##....................##  ++++  ##...++.............########                                
                                ########...................###    ###......................###    ###...................########                                
                                ########....................########........................########....................########                                
                                ########......................####............................####......................########                                
                        ########................................................................................................########                        
                        ########................................................................................................########                        
                        ########................................................................................................########                        
                        ########................................................................................................########                        
                        ########................................................................................................########                        
                        ########................................................................................................########                        
                        ########................................................................................................########                        
                        ########................................................................................................########                        
                        ########...............................................##...............................................########                        
                        ########..............................................####..............................................########                        
                        ########.............................................######.............................................########                        
                        ########............................................########............................................########                        
                        ########...........................................##########...........................................########                        
                        ########..........................................############..........................................########                        
                        ########.........................................##############.........................................########                        
                        ########........................................################........................................########                        
                        ########........................................################........................................########                        
                        ########.........................................##############.........................................########                        
                        ########..........................................############..........................................########                        
                        ########...........................................##########...........................................########                        
                        ########............................................########............................................########                        
                        ########.............................................######.............................................########                        
                        ########..............................................####..............................................########                        
                        ########...............................................##...............................................########                        
                        ########................................................................................................########                        
                        ########................................................................................................########                        
                        ########................................................................................................########                        
                        ########................................................................................................########                        
                        ########................................................................................................########                        
                        ########................................................................................................########                        
                        ########................................................................................................########                        
                        ########................................................................................................########                        
                                ########........########................................................########........########                                
                                ########........########................................................########........########                                
                                ########........########................................................########........########                                
                                ########........########................................................########........########                                
                                ########........########................................................########........########                                
                                ########........########................................................########........########                                
                                ########........########................................................########........########                                
                                ########........########................................................########........########                                
                                ########................################################################................########                                
                                ########................################################################................########                                
                                ########................################################################................########                                
                                ########................################################################................########                                
                                ########................################################################................########                                
                                ########................################################################................########                                
                                ########................################################################................########                                
                                ########................################################################................########                                
                                        ########................................................................########                                        
                                        ########................................................................########                                        
                                        ########................................................................########                                        
                                        ########................................................................########                                        
                                        ########................................................................########                                        
                                        ########................................................................########                                        
                                        ########................................................................########                                        
                                        ########................................................................########                                        
                                                ################................................################                                                
                                                ################................................################                                                
                                                ################................................################                                                
                                                ################................................################                                                
                                                ################................................################                                                
                                                ################................................################                                                
                                                ################................................################                                                
                                                ################................................################                                                
                                                                ################################                                                                
                                                                ################################                                                                
                                                                ################################                                                                
                                                                ################################                                                                
                                                                ################################                                                                
                                                                ################################                                                                
                                                                ################################                                                                
                                                                ################################                                                                
                                                                                                                                                                
                                                                                                                                                                
                                                                                                                                                                
                                                                                                                                                                
                                                                                                                                                                
                 #                               #      #  ###        #                 #   #        #     #          ###                   #                   
                 #                                      # #   #       #                 ## ##        #     #         #   #                                      
              #### ## #   ###        ###   ###  ##   ####     #       ####  #   #       # # #  ###  ####  ####       #     #   #  ##   ##  ##   ###             
             #   # # # # #   #          # #   #  #  #   #  ###        #   # #   #       #   #     #  #     #         #     #   # #  # #  #  #  #   #            
             #   # # # # #   # ####  #### #      #  #   # #           #   # #   #       #   #  ####  #     #         #     #   # #    #     #  ####             
             #   # # # # #   #      #   # #   #  #  #   # #           #   # #   #       #   # #   #  #  #  #  #      #   # #   # #    #     #  #                
              #### # # #  ####       ####  ###  ###  #### #####       ####   ####       #   #  ####   ##    ##        ###   ###  #    #    ###  ###             
                             #                                                  #                                                                               
                          ###                                                ###                                                                                
                                                                                                                                                                
                                                                                                                                                                "
`;
