// Vitest Snapshot v1, https://vitest.dev/guide/snapshot.html

exports[`cgb-acid2 : la ligne de base du jalon CGB > instantané : ce que le lot en cours produit 1`] = `
"********************************                    ****    *****      *********        *      *       *    ****       ***====**********************************
********************************                    ****    ****        ********                            ****        **=%%=**********************************
********************************                    ****    ****        ********                            ****        **=%%=**********************************
********************************               *    ****    ****        ********                            ****        **=%%=**********************************
********************************                                        ********                                        **====**********************************
********************************                                        ********                                        **=%%=**********************************
********************************                                *      **********      **      *                       ***====**********************************
****************************************************************************************************************************************************************
****************************************************************************************************************************************************************
****************************************************************************************************************************************************************
****************************************************************************************************************************************************************
****************************************************************************************************************************************************************
****************************************************************************************************************************************************************
****************************************************************************************************************************************************************
****************************************************************************************************************************************************************
****************************************************************************************************************************************************************
****************************************************************@@@@@@@@@@@@@@@@@@@@@@@@@@@@@@@@****************************************************************
****************************************************************@@@@@@@@@@@@@@@@@@@@@@@@@@@@@@@@****************************************************************
****************************************************************@@@@@@@@@@@@@@@@@@@@@@@@@@@@@@@@****************************************************************
****************************************************************@@@@@@@@@@@@@@@@@@@@@@@@@@@@@@@@****************************************************************
****************************************************************@@@@@@@@@@@@@@@@@@@@@@@@@@@@@@@@****************************************************************
****************************************************************@@@@@@@@@@@@@@@@@@@@@@@@@@@@@@@@****************************************************************
****************************************************************@@@@@@@@@@@@@@@@@@@@@@@@@@@@@@@@****************************************************************
****************************************************************@@@@@@@@@@@@@@@@@@@@@@@@@@@@@@@@****************************************************************
************************************************@@@@@@@@@@@@@@@@oooooooooooooooooooooooooooooooo@@@@@@@@@@@@@@@@************************************************
************************************************@@@@@@@@@@@@@@@@oooooooooooooooooooooooooooooooo@@@@@@@@@@@@@@@@************************************************
************************************************@@@@@@@@@@@@@@@@oooooooooooooooooooooooooooooooo@@@@@@@@@@@@@@@@************************************************
************************************************@@@@@@@@@@@@@@@@oooooooooooooooooooooooooooooooo@@@@@@@@@@@@@@@@************************************************
************************************************@@@@@@@@@@@@@@@@oooooooooooooooooooooooooooooooo@@@@@@@@@@@@@@@@************************************************
************************************************@@@@@@@@@@@@@@@@oooooooooooooooooooooooooooooooo@@@@@@@@@@@@@@@@************************************************
************************************************@@@@@@@@@@@@@@@@oooooooooooooooooooooooooooooooo@@@@@@@@@@@@@@@@************************************************
************************************************@@@@@@@@@@@@@@@@oooooooooooooooooooooooooooooooo@@@@@@@@@@@@@@@@************************************************
****************************************@@@@@@@@oooooooooooooooooooooooooooooooooooooooooooooooooooooooooooooooo@@@@@@@@****************************************
****************************************@@@@@@@@oooooooooooooooooooooooooooooooooooooooooooooooooooooooooooooooo@@@@@@@@****************************************
****************************************@@@@@@@@oooooooooooooooooooooooooooooooooooooooooooooooooooooooooooooooo@@@@@@@@****************************************
****************************************@@@@@@@@oooooooooooooooooooooooooooooooooooooooooooooooooooooooooooooooo@@@@@@@@****************************************
****************************************@@@@@@@@oooooooooooooooooooooooooooooooooooooooooooooooooooooooooooooooo@@@@@@@@****************************************
****************************************@@@@@@@@oooooooooooooooooooooooooooooooooooooooooooooooooooooooooooooooo@@@@@@@@****************************************
****************************************@@@@@@@@oooooooooooooooooooooooooooooooooooooooooooooooooooooooooooooooo@@@@@@@@****************************************
****************************************@@@@@@@@oooooooooooooooooooooooooooooooooooooooooooooooooooooooooooooooo@@@@@@@@****************************************
********************************@@@@@@@@oooooooooooooooooooooo@@        oooooooooooooooooooooo@@        oooooooooooooooo@@@@@@@@********************************
********************************@@@@@@@@oooooooooooooooooooo@@@@        oooooooooooooooooooo@@@@        oooooooooooooooo@@@@@@@@********************************
********************************@@@@@@@@ooooooooooooooooooo@@@**        ooooooooooooooooooo@@@**        oooooooooooooooo@@@@@@@@********************************
********************************@@@@@@@@oooooooooooooooooo@@**          oooooooooooooooooo@@**          oooooooooooooooo@@@@@@@@********************************
********************************@@@@@@@@ooooooooooooooooo@@**           ooooooooooooooooo@@**           oooooooooooooooo@@@@@@@@********************************
********************************@@@@@@@@ooooooooooooooooo@@*            ooooooooooooooooo@@*            oooooooooooooooo@@@@@@@@********************************
********************************@@@@@@@@oooooooooooooooo@@*             oooooooooooooooo@@*             oooooooooooooooo@@@@@@@@********************************
********************************@@@@@@@@oooooooooooooooo@@*             oooooooooooooooo@@*             oooooooooooooooo@@@@@@@@********************************
********************************@@@@@@@@oooooooooo        *xxxxxxxxxx*@@oooooooooooooooo@@*xxxxxxxxxx*        oooooooooo@@@@@@@@********************************
********************************@@@@@@@@oooooooooo        *xxxxxxxxxx*@@oooooooooooooooo@@*xxxxxxxxxx*        oooooooooo@@@@@@@@********************************
********************************@@@@@@@@oooooooooo        @*xxxxxxxx*@@oooooooooooooooooo@@*xxxxxxxx*@        oooooooooo@@@@@@@@********************************
********************************@@@@@@@@oooooooooo        @**xxxxxx**@@oooooooooooooooooo@@**xxxxxx**@        oooooooooo@@@@@@@@********************************
********************************@@@@@@@@oooooooooo        @@**xxxx**@@oooooooooooooooooooo@@**xxxx**@@        oooooooooo@@@@@@@@********************************
********************************@@@@@@@@oooooooooo        o@@@****@@@oooooooooooooooooooooo@@@****@@@o        oooooooooo@@@@@@@@********************************
********************************@@@@@@@@oooooooooo        oo@@@@@@@@oooooooooooooooooooooooo@@@@@@@@oo        oooooooooo@@@@@@@@********************************
********************************@@@@@@@@oooooooooo        oooo@@@@oooooooooooooooooooooooooooo@@@@oooo        oooooooooo@@@@@@@@********************************
                                                                                                                                                                
                                                                                                                                                                
                                                                                                                                                                
                                                                                                                                                                
                                                                                                                                                                
                                                                                                                                                                
                                                                                                                                                                
                                                                                                                                                                
                                                                                                                                                                
                                                                                                                                                                
                                                                                                                                                                
                                                                                                                                                                
                                                                                                                                                                
                                                                                                                                                                
                                                                                                                                                                
                                                                                                                                                                
                                                                                                                                                                
                                                                                                                                                                
                                                                                                                                                                
                                                                                                                                                                
                                                                                                                                                                
                                                                                                                                                                
                                                                                                                                                                
                                                                                                                                                                
                                                                                                                                                                
                                                                                                                                                                
                                                                                                                                                                
                                                                                                                                                                
                                                                                                                                                                
                                                                                                                                                                
                                                                                                                                                                
                                                                                                                                                                
********************************@@@@@@@@oooooooo        oooooooooooooooooooooooooooooooooooooooooooooooo        oooooooo@@@@@@@@********************************
********************************@@@@@@@@oooooooo        oooooooooooooooooooooooooooooooooooooooooooooooo        oooooooo@@@@@@@@********************************
********************************@@@@@@@@oooooooo        oooooooooooooooooooooooooooooooooooooooooooooooo        oooooooo@@@@@@@@********************************
********************************@@@@@@@@oooooooo        oooooooooooooooooooooooooooooooooooooooooooooooo        oooooooo@@@@@@@@********************************
********************************@@@@@@@@oooooooo        oooooooooooooooooooooooooooooooooooooooooooooooo        oooooooo@@@@@@@@********************************
********************************@@@@@@@@oooooooo        oooooooooooooooooooooooooooooooooooooooooooooooo        oooooooo@@@@@@@@********************************
********************************@@@@@@@@oooooooo        oooooooooooooooooooooooooooooooooooooooooooooooo        oooooooo@@@@@@@@********************************
********************************@@@@@@@@oooooooo        oooooooooooooooooooooooooooooooooooooooooooooooo        oooooooo@@@@@@@@********************************
********************************@@@@@@@@oooooooooooooooo                                                oooooooooooooooo@@@@@@@@********************************
********************************@@@@@@@@oooooooooooooooo                                                oooooooooooooooo@@@@@@@@********************************
********************************@@@@@@@@oooooooooooooooo                                                oooooooooooooooo@@@@@@@@********************************
********************************@@@@@@@@oooooooooooooooo                                                oooooooooooooooo@@@@@@@@********************************
********************************@@@@@@@@oooooooooooooooo                                                oooooooooooooooo@@@@@@@@********************************
********************************@@@@@@@@oooooooooooooooo                                                oooooooooooooooo@@@@@@@@********************************
********************************@@@@@@@@oooooooooooooooo                                                oooooooooooooooo@@@@@@@@********************************
********************************@@@@@@@@oooooooooooooooo                                                oooooooooooooooo@@@@@@@@********************************
****************************************@@@@@@@@oooooooooooooooooooooooooooooooooooooooooooooooooooooooooooooooo@@@@@@@@****************************************
****************************************@@@@@@@@oooooooooooooooooooooooooooooooooooooooooooooooooooooooooooooooo@@@@@@@@****************************************
****************************************@@@@@@@@oooooooooooooooooooooooooooooooooooooooooooooooooooooooooooooooo@@@@@@@@****************************************
****************************************@@@@@@@@oooooooooooooooooooooooooooooooooooooooooooooooooooooooooooooooo@@@@@@@@****************************************
****************************************@@@@@@@@oooooooooooooooooooooooooooooooooooooooooooooooooooooooooooooooo@@@@@@@@****************************************
****************************************@@@@@@@@oooooooooooooooooooooooooooooooooooooooooooooooooooooooooooooooo@@@@@@@@****************************************
****************************************@@@@@@@@oooooooooooooooooooooooooooooooooooooooooooooooooooooooooooooooo@@@@@@@@****************************************
****************************************@@@@@@@@oooooooooooooooooooooooooooooooooooooooooooooooooooooooooooooooo@@@@@@@@****************************************
************************************************@@@@@@@@@@@@@@@@oooooooooooooooooooooooooooooooo@@@@@@@@@@@@@@@@************************************************
************************************************@@@@@@@@@@@@@@@@oooooooooooooooooooooooooooooooo@@@@@@@@@@@@@@@@************************************************
************************************************@@@@@@@@@@@@@@@@oooooooooooooooooooooooooooooooo@@@@@@@@@@@@@@@@************************************************
************************************************@@@@@@@@@@@@@@@@oooooooooooooooooooooooooooooooo@@@@@@@@@@@@@@@@************************************************
************************************************@@@@@@@@@@@@@@@@oooooooooooooooooooooooooooooooo@@@@@@@@@@@@@@@@************************************************
************************************************@@@@@@@@@@@@@@@@oooooooooooooooooooooooooooooooo@@@@@@@@@@@@@@@@************************************************
************************************************@@@@@@@@@@@@@@@@oooooooooooooooooooooooooooooooo@@@@@@@@@@@@@@@@************************************************
************************************************@@@@@@@@@@@@@@@@oooooooooooooooooooooooooooooooo@@@@@@@@@@@@@@@@************************************************
****************************************************************@@@@@@@@@@@@@@@@@@@@@@@@@@@@@@@@****************************************************************
****************************************************************@@@@@@@@@@@@@@@@@@@@@@@@@@@@@@@@****************************************************************
****************************************************************@@@@@@@@@@@@@@@@@@@@@@@@@@@@@@@@****************************************************************
****************************************************************@@@@@@@@@@@@@@@@@@@@@@@@@@@@@@@@****************************************************************
****************************************************************@@@@@@@@@@@@@@@@@@@@@@@@@@@@@@@@****************************************************************
****************************************************************@@@@@@@@@@@@@@@@@@@@@@@@@@@@@@@@****************************************************************
****************************************************************@@@@@@@@@@@@@@@@@@@@@@@@@@@@@@@@****************************************************************
****************************************************************@@@@@@@@@@@@@@@@@@@@@@@@@@@@@@@@****************************************************************
****************************************************************************************************************************************************************
****************************************************************************************************************************************************************
****************************************************************************************************************************************************************
****************************************************************************************************************************************************************
****************************************************************************************************************************************************************
*************************@***********************@******@**@@@********@*****************@***@********@*****@**********@@@*******************@*******************
*************************@******************************@*@***@*******@*****************@@*@@********@*****@*********@***@**************************************
**************@@@***@@@**@@@@********@@@***@@@**@@***@@@@*****@*******@@@@**@***@*******@*@*@**@@@**@@@@**@@@@*******@*****@***@**@@***@@**@@***@@@*************
*************@***@*@***@*@***@**********@*@***@**@**@***@**@@@********@***@*@***@*******@***@*****@**@*****@*********@*****@***@*@**@*@**@**@**@***@************
*************@*****@***@*@***@*@@@@**@@@@*@******@**@***@*@***********@***@*@***@*******@***@**@@@@**@*****@*********@*****@***@*@****@*****@**@@@@*************
*************@***@*@***@*@***@******@***@*@***@**@**@***@*@***********@***@*@***@*******@***@*@***@**@**@**@**@******@***@*@***@*@****@*****@**@****************
**************@@@***@@@@*@@@@********@@@@**@@@**@@@**@@@@*@@@@@*******@@@@***@@@@*******@***@**@@@@***@@****@@********@@@***@@@**@****@****@@@**@@@*************
***********************@********************************************************@*******************************************************************************
********************@@@******************************************************@@@********************************************************************************
****************************************************************************************************************************************************************
****************************************************************************************************************************************************************"
`;

exports[`dmg-acid2 : le filet du chemin de rendu > rend la même image qu'au dernier instantané 1`] = `
"                                ####################    ####     ######         ######## ###### ####### ####    #######   ####                                  
                                #..##..##......##..#    #..#    ##....##        #..###.###....###.....###..#    #.....##  #..#                                  
                                #..##..##..######..#    #..#    #..##..#        #..###.##..##..##..##..##..#    #..##..#  #..#                                  
                                #......##.....# #..#    #..#    #..##..#        #..#.#.##..##..##.....###..#    #..##..#  #..#                                  
                                #..##..##..######..######..######..##..#        #..#.#.##..##..##..#.####..######..##..#  ####                                  
                                #..##..##......##......##......###....##        ##....####....###..##..##......##.....##  #..#                                  
                                ################################ ######          ######  ###### #######################   ####                                  
                                                                                                                                                                
                                                                                                                                                                
                                                                                                                                                                
                                                                                                                                                                
                                                                                                                                                                
                                                                                                                                                                
                                                                                                                                                                
                                                                                                                                                                
                                                                                                                                                                
                                                                ################################                                                                
                                                                ################################                                                                
                                                                ################################                                                                
                                                                ################################                                                                
                                                                ################################                                                                
                                                                ################################                                                                
                                                                ################################                                                                
                                                                ################################                                                                
                                                ################................................################                                                
                                                ################................................################                                                
                                                ################................................################                                                
                                                ################................................################                                                
                                                ################................................################                                                
                                                ################................................################                                                
                                                ################................................################                                                
                                                ################................................################                                                
                                        ########................................................................########                                        
                                        ########................................................................########                                        
                                        ########................................................................########                                        
                                        ########................................................................########                                        
                                        ########................................................................########                                        
                                        ########................................................................########                                        
                                        ########................................................................########                                        
                                        ########................................................................########                                        
                                ########..............++......####............................####......++..............########                                
                                ########............+##+....########........................########....+##+............########                                
                                ########...........+##+....###    ###......................###    ###....+##+...........########                                
                                ########...........##+....##  ++++  ##....................##  ++++  ##....+##...........########                                
                                ########..........+##+...##  ++++++  ##..................##  ++++++  ##...+##+..........########                                
                                ########..........##+....## ++++++++ ##..................## ++++++++ ##....+##..........########                                
                                ########..........##+...## ++++++++++ ##................## ++++++++++ ##...+##..........########                                
                                ########..........##+...## ++++++++++ ##................## ++++++++++ ##...+##..........########                                
                                ########..........+##...## ++++++++++ ##................## ++++++++++ ##...##+..........########                                
                                ########...........##...## ++++++++++ ##................## ++++++++++ ##...##...........########                                
                                ########...........+#+...## ++++++++ ##..................## ++++++++ ##...+#+...........########                                
                                ########............+#...##  ++++++  ##..................##  ++++++  ##...#+............########                                
                                ########.............++...##  ++++  ##....................##  ++++  ##...++.............########                                
                                ########...................###    ###......................###    ###...................########                                
                                ########....................########........................########....................########                                
                                ########......................####............................####......................########                                
                        ########................................................................................................########                        
                        ########................................................................................................########                        
                        ########................................................................................................########                        
                        ########................................................................................................########                        
                        ########................................................................................................########                        
                        ########................................................................................................########                        
                        ########................................................................................................########                        
                        ########................................................................................................########                        
                        ########...............................................##...............................................########                        
                        ########..............................................####..............................................########                        
                        ########.............................................######.............................................########                        
                        ########............................................########............................................########                        
                        ########...........................................##########...........................................########                        
                        ########..........................................############..........................................########                        
                        ########.........................................##############.........................................########                        
                        ########........................................################........................................########                        
                        ########........................................################........................................########                        
                        ########.........................................##############.........................................########                        
                        ########..........................................############..........................................########                        
                        ########...........................................##########...........................................########                        
                        ########............................................########............................................########                        
                        ########.............................................######.............................................########                        
                        ########..............................................####..............................................########                        
                        ########...............................................##...............................................########                        
                        ########................................................................................................########                        
                        ########................................................................................................########                        
                        ########................................................................................................########                        
                        ########................................................................................................########                        
                        ########................................................................................................########                        
                        ########................................................................................................########                        
                        ########................................................................................................########                        
                        ########................................................................................................########                        
                                ########........########................................................########........########                                
                                ########........########................................................########........########                                
                                ########........########................................................########........########                                
                                ########........########................................................########........########                                
                                ########........########................................................########........########                                
                                ########........########................................................########........########                                
                                ########........########................................................########........########                                
                                ########........########................................................########........########                                
                                ########................################################################................########                                
                                ########................################################################................########                                
                                ########................################################################................########                                
                                ########................################################################................########                                
                                ########................################################################................########                                
                                ########................################################################................########                                
                                ########................################################################................########                                
                                ########................################################################................########                                
                                        ########................................................................########                                        
                                        ########................................................................########                                        
                                        ########................................................................########                                        
                                        ########................................................................########                                        
                                        ########................................................................########                                        
                                        ########................................................................########                                        
                                        ########................................................................########                                        
                                        ########................................................................########                                        
                                                ################................................################                                                
                                                ################................................################                                                
                                                ################................................################                                                
                                                ################................................################                                                
                                                ################................................################                                                
                                                ################................................################                                                
                                                ################................................################                                                
                                                ################................................################                                                
                                                                ################################                                                                
                                                                ################################                                                                
                                                                ################################                                                                
                                                                ################################                                                                
                                                                ################################                                                                
                                                                ################################                                                                
                                                                ################################                                                                
                                                                ################################                                                                
                                                                                                                                                                
                                                                                                                                                                
                                                                                                                                                                
                                                                                                                                                                
                                                                                                                                                                
                 #                               #      #  ###        #                 #   #        #     #          ###                   #                   
                 #                                      # #   #       #                 ## ##        #     #         #   #                                      
              #### ## #   ###        ###   ###  ##   ####     #       ####  #   #       # # #  ###  ####  ####       #     #   #  ##   ##  ##   ###             
             #   # # # # #   #          # #   #  #  #   #  ###        #   # #   #       #   #     #  #     #         #     #   # #  # #  #  #  #   #            
             #   # # # # #   # ####  #### #      #  #   # #           #   # #   #       #   #  ####  #     #         #     #   # #    #     #  ####             
             #   # # # # #   #      #   # #   #  #  #   # #           #   # #   #       #   # #   #  #  #  #  #      #   # #   # #    #     #  #                
              #### # # #  ####       ####  ###  ###  #### #####       ####   ####       #   #  ####   ##    ##        ###   ###  #    #    ###  ###             
                             #                                                  #                                                                               
                          ###                                                ###                                                                                
                                                                                                                                                                
                                                                                                                                                                "
`;
