// Vitest Snapshot v1, https://vitest.dev/guide/snapshot.html

exports[`cgb-acid2 : la ligne de base du jalon CGB > instantané de l'état AVANT tout support CGB 1`] = `
"                                                                                                                          ####                                  
                                                                                                                          #..#                                  
                                                                                                                          #..#                                  
                                                                                                                          #..#                                  
                                                                                                                          ####                                  
                                                                                                                          #..#                                  
                                                                                                                          ####                                  
                                                                                                                                                                
                                                                                                                                                                
                                                                                                                                                                
                                                                                                                                                                
                                                                                                                                                                
                                                                                                                                                                
                                                                                                                                                                
                                                                                                                                                                
                                                                                                                                                                
                                                                ################################                                                                
                                                                ################################                                                                
                                                                ################################                                                                
                                                                ################################                                                                
                                                                ################################                                                                
                                                                ################################                                                                
                                                                ################################                                                                
                                                                ################################                                                                
                                                ################................................################                                                
                                                ################................................################                                                
                                                ################................................################                                                
                                                ################................................################                                                
                                                ################................................################                                                
                                                ################................................################                                                
                                                ################................................################                                                
                                                ################................................################                                                
                                        ########................................................................########                                        
                                        ########................................................................########                                        
                                        ########................................................................########                                        
                                        ########................................................................########                                        
                                        ########................................................................########                                        
                                        ########................................................................########                                        
                                        ########................................................................########                                        
                                        ########................................................................########                                        
                                ########................#.......        ................#.......        ................########                                
                                ########.................#......        .................#......        ................########                                
                                ########..................#.....        ..................#.....        ................########                                
                                ########...................#....        ...................#....        ................########                                
                                ########....................#...        ....................#...        ................########                                
                                ########.....................#..        .....................#..        ................########                                
                                ########......................#.        ......................#.        ................########                                
                                ########.......................#        .......................#        ................########                                
                                ########..........        ......#.......................#.......#.....        ..........########                                
                                ########..........        .......#.......................#.......#....        ..........########                                
                                ########..........        #.......#.......................#.......#...        ..........########                                
                                ########..........        .#.......#.......................#.......#..        ..........########                                
                                ########..........        ..#.......#.......................#.......#.        ..........########                                
                                ########..........        ...#.......#.......................#.......#        ..........########                                
                                ########..........        ....#.......#.......................#.......        ..........########                                
                                ########..........        .....#.......#.......................#......        ..........########                                
                                                                                                                                                                
                                                                                                                                                                
                                                                                                                                                                
                                                                                                                                                                
                                                                                                                                                                
                                                                                                                                                                
                                                                                                                                                                
                                                                                                                                                                
                                                                                                                                                                
                                                                                                                                                                
                                                                                                                                                                
                                                                                                                                                                
                                                                                                                                                                
                                                                                                                                                                
                                                                                                                                                                
                                                                                                                                                                
                                                                                                                                                                
                                                                                                                                                                
                                                                                                                                                                
                                                                                                                                                                
                                                                                                                                                                
                                                                                                                                                                
                                                                                                                                                                
                                                                                                                                                                
                                                                                                                                                                
                                                                                                                                                                
                                                                                                                                                                
                                                                                                                                                                
                                                                                                                                                                
                                                                                                                                                                
                                                                                                                                                                
                                                                                                                                                                
                                ########........        ................................................        ........########                                
                                ########........        ................................................        ........########                                
                                ########........        ................................................        ........########                                
                                ########........        ................................................        ........########                                
                                ########........        ................................................        ........########                                
                                ########........        ................................................        ........########                                
                                ########........        ................................................        ........########                                
                                ########........        ................................................        ........########                                
                                ########................                                                ................########                                
                                ########................                                                ................########                                
                                ########................                                                ................########                                
                                ########................                                                ................########                                
                                ########................                                                ................########                                
                                ########................                                                ................########                                
                                ########................                                                ................########                                
                                ########................                                                ................########                                
                                        ########................................................................########                                        
                                        ########................................................................########                                        
                                        ########................................................................########                                        
                                        ########................................................................########                                        
                                        ########................................................................########                                        
                                        ########................................................................########                                        
                                        ########................................................................########                                        
                                        ########................................................................########                                        
                                                ################................................################                                                
                                                ################................................################                                                
                                                ################................................################                                                
                                                ################................................################                                                
                                                ################................................################                                                
                                                ################................................################                                                
                                                ################................................################                                                
                                                ################................................################                                                
                                                                ################################                                                                
                                                                ################################                                                                
                                                                ################################                                                                
                                                                ################################                                                                
                                                                ################################                                                                
                                                                ################################                                                                
                                                                ################################                                                                
                                                                ################################                                                                
                                                                                                                                                                
                                                                                                                                                                
                                                                                                                                                                
                                                                                                                                                                
                                                                                                                                                                
                         #                       #      #  ###        #                 #   #        #     #          ###                   #                   
                         #                              # #   #       #                 ## ##        #     #         #   #                                      
              ###   ###  ####        ###   ###  ##   ####     #       ####  #   #       # # #  ###  ####  ####       #     #   #  ##   ##  ##   ###             
             #   # #   # #   #          # #   #  #  #   #  ###        #   # #   #       #   #     #  #     #         #     #   # #  # #  #  #  #   #            
             #     #   # #   # ####  #### #      #  #   # #           #   # #   #       #   #  ####  #     #         #     #   # #    #     #  ####             
             #   # #   # #   #      #   # #   #  #  #   # #           #   # #   #       #   # #   #  #  #  #  #      #   # #   # #    #     #  #                
              ###   #### ####        ####  ###  ###  #### #####       ####   ####       #   #  ####   ##    ##        ###   ###  #    #    ###  ###             
                       #                                                        #                                                                               
                    ###                                                      ###                                                                                
                                                                                                                                                                
                                                                                                                                                                "
`;

exports[`dmg-acid2 : le filet du chemin de rendu > rend la même image qu'au dernier instantané 1`] = `
"                                ####################    ####     ######         ######## ###### ####### ####    #######   ####                                  
                                #..##..##......##..#    #..#    ##....##        #..###.###....###.....###..#    #.....##  #..#                                  
                                #..##..##..######..#    #..#    #..##..#        #..###.##..##..##..##..##..#    #..##..#  #..#                                  
                                #......##.....# #..#    #..#    #..##..#        #..#.#.##..##..##.....###..#    #..##..#  #..#                                  
                                #..##..##..######..######..######..##..#        #..#.#.##..##..##..#.####..######..##..#  ####                                  
                                #..##..##......##......##......###....##        ##....####....###..##..##......##.....##  #..#                                  
                                ################################ ######          ######  ###### #######################   ####                                  
                                                                                                                                                                
                                                                                                                                                                
                                                                                                                                                                
                                                                                                                                                                
                                                                                                                                                                
                                                                                                                                                                
                                                                                                                                                                
                                                                                                                                                                
                                                                                                                                                                
                                                                ################################                                                                
                                                                ################################                                                                
                                                                ################################                                                                
                                                                ################################                                                                
                                                                ################################                                                                
                                                                ################################                                                                
                                                                ################################                                                                
                                                                ################################                                                                
                                                ################................................################                                                
                                                ################................................################                                                
                                                ################................................################                                                
                                                ################................................################                                                
                                                ################................................################                                                
                                                ################................................################                                                
                                                ################................................################                                                
                                                ################................................################                                                
                                        ########................................................................########                                        
                                        ########................................................................########                                        
                                        ########................................................................########                                        
                                        ########................................................................########                                        
                                        ########................................................................########                                        
                                        ########................................................................########                                        
                                        ########................................................................########                                        
                                        ########................................................................########                                        
                                ########..............++......####............................####......++..............########                                
                                ########............+##+....########........................########....+##+............########                                
                                ########...........+##+....###    ###......................###    ###....+##+...........########                                
                                ########...........##+....##  ++++  ##....................##  ++++  ##....+##...........########                                
                                ########..........+##+...##  ++++++  ##..................##  ++++++  ##...+##+..........########                                
                                ########..........##+....## ++++++++ ##..................## ++++++++ ##....+##..........########                                
                                ########..........##+...## ++++++++++ ##................## ++++++++++ ##...+##..........########                                
                                ########..........##+...## ++++++++++ ##................## ++++++++++ ##...+##..........########                                
                                ########..........+##...## ++++++++++ ##................## ++++++++++ ##...##+..........########                                
                                ########...........##...## ++++++++++ ##................## ++++++++++ ##...##...........########                                
                                ########...........+#+...## ++++++++ ##..................## ++++++++ ##...+#+...........########                                
                                ########............+#...##  ++++++  ##..................##  ++++++  ##...#+............########                                
                                ########.............++...##  ++++  ##....................##  ++++  ##...++.............########                                
                                ########...................###    ###......................###    ###...................########                                
                                ########....................########........................########....................########                                
                                ########......................####............................####......................########                                
                        ########................................................................................................########                        
                        ########................................................................................................########                        
                        ########................................................................................................########                        
                        ########................................................................................................########                        
                        ########................................................................................................########                        
                        ########................................................................................................########                        
                        ########................................................................................................########                        
                        ########................................................................................................########                        
                        ########...............................................##...............................................########                        
                        ########..............................................####..............................................########                        
                        ########.............................................######.............................................########                        
                        ########............................................########............................................########                        
                        ########...........................................##########...........................................########                        
                        ########..........................................############..........................................########                        
                        ########.........................................##############.........................................########                        
                        ########........................................################........................................########                        
                        ########........................................################........................................########                        
                        ########.........................................##############.........................................########                        
                        ########..........................................############..........................................########                        
                        ########...........................................##########...........................................########                        
                        ########............................................########............................................########                        
                        ########.............................................######.............................................########                        
                        ########..............................................####..............................................########                        
                        ########...............................................##...............................................########                        
                        ########................................................................................................########                        
                        ########................................................................................................########                        
                        ########................................................................................................########                        
                        ########................................................................................................########                        
                        ########................................................................................................########                        
                        ########................................................................................................########                        
                        ########................................................................................................########                        
                        ########................................................................................................########                        
                                ########........########................................................########........########                                
                                ########........########................................................########........########                                
                                ########........########................................................########........########                                
                                ########........########................................................########........########                                
                                ########........########................................................########........########                                
                                ########........########................................................########........########                                
                                ########........########................................................########........########                                
                                ########........########................................................########........########                                
                                ########................################################################................########                                
                                ########................################################################................########                                
                                ########................################################################................########                                
                                ########................################################################................########                                
                                ########................################################################................########                                
                                ########................################################################................########                                
                                ########................################################################................########                                
                                ########................################################################................########                                
                                        ########................................................................########                                        
                                        ########................................................................########                                        
                                        ########................................................................########                                        
                                        ########................................................................########                                        
                                        ########................................................................########                                        
                                        ########................................................................########                                        
                                        ########................................................................########                                        
                                        ########................................................................########                                        
                                                ################................................################                                                
                                                ################................................################                                                
                                                ################................................################                                                
                                                ################................................################                                                
                                                ################................................################                                                
                                                ################................................################                                                
                                                ################................................################                                                
                                                ################................................################                                                
                                                                ################################                                                                
                                                                ################################                                                                
                                                                ################################                                                                
                                                                ################################                                                                
                                                                ################################                                                                
                                                                ################################                                                                
                                                                ################################                                                                
                                                                ################################                                                                
                                                                                                                                                                
                                                                                                                                                                
                                                                                                                                                                
                                                                                                                                                                
                                                                                                                                                                
                 #                               #      #  ###        #                 #   #        #     #          ###                   #                   
                 #                                      # #   #       #                 ## ##        #     #         #   #                                      
              #### ## #   ###        ###   ###  ##   ####     #       ####  #   #       # # #  ###  ####  ####       #     #   #  ##   ##  ##   ###             
             #   # # # # #   #          # #   #  #  #   #  ###        #   # #   #       #   #     #  #     #         #     #   # #  # #  #  #  #   #            
             #   # # # # #   # ####  #### #      #  #   # #           #   # #   #       #   #  ####  #     #         #     #   # #    #     #  ####             
             #   # # # # #   #      #   # #   #  #  #   # #           #   # #   #       #   # #   #  #  #  #  #      #   # #   # #    #     #  #                
              #### # # #  ####       ####  ###  ###  #### #####       ####   ####       #   #  ####   ##    ##        ###   ###  #    #    ###  ###             
                             #                                                  #                                                                               
                          ###                                                ###                                                                                
                                                                                                                                                                
                                                                                                                                                                "
`;
